09:06:39 **** Build of configuration Debug for project RTOS_test_RotoTypeBoard ****
make pre-build main-build 
a9-linaro-pre-build-step
' '
'Building file: ../src/freertos_hello_world.c'
'Invoking: ARM v7 gcc compiler'
arm-none-eabi-gcc -Wall -O0 -g3 -c -fmessage-length=0 -MT"src/freertos_hello_world.o" -mcpu=cortex-a9 -mfpu=vfpv3 -mfloat-abi=hard -I../../RTOS_test_RotoTypeBoard_bsp/ps7_cortexa9_0/include -MMD -MP -MF"src/freertos_hello_world.d" -MT"src/freertos_hello_world.o" -o "src/freertos_hello_world.o" "../src/freertos_hello_world.c"
'Finished building: ../src/freertos_hello_world.c'
' '
'Building target: RTOS_test_RotoTypeBoard.elf'
'Invoking: ARM v7 gcc linker'
arm-none-eabi-gcc -mcpu=cortex-a9 -mfpu=vfpv3 -mfloat-abi=hard -Wl,-build-id=none -specs=Xilinx.spec -Wl,-T -Wl,../src/lscript.ld -L../../RTOS_test_RotoTypeBoard_bsp/ps7_cortexa9_0/lib -o "RTOS_test_RotoTypeBoard.elf"  ./src/freertos_hello_world.o   -Wl,--start-group,-lxil,-lfreertos,-lgcc,-lc,--end-group
'Finished building target: RTOS_test_RotoTypeBoard.elf'
' '
'Invoking: ARM v7 Print Size'
arm-none-eabi-size RTOS_test_RotoTypeBoard.elf  |tee "RTOS_test_RotoTypeBoard.elf.size"
   text	   data	    bss	    dec	    hex	filename
  77708	   3388	  89424	 170520	  29a18	RTOS_test_RotoTypeBoard.elf
'Finished building: RTOS_test_RotoTypeBoard.elf.size'
' '

09:06:40 Build Finished (took 664ms)

